[1m============================= test session starts ==============================[0m
platform linux -- Python 3.8.2, pytest-5.4.1, py-1.8.1, pluggy-0.13.1
rootdir: /usr/src/app
[1mcollecting ... [0m[1m
collected 65 items                                                             [0m

tests/test_gsm_encoding.py [31mF[0m[31mF[0m[31mF[0m[31mF[0m[31mF[0m[32m.[0m[31mF[0m[31m                                       [ 10%][0m
tests/test_mms.py [31mF[0m[32m.[0m[32m.[0m[32m.[0m[32m.[0m[32m.[0m[32m.[0m[32m.[0m[32m.[0m[32m.[0m[32m.[0m[32m.[0m[32m.[0m[32m.[0m[31m                                         [ 32%][0m
tests/test_sms.py [32m.[0m[32m.[0m[32m.[0m[32m.[0m[32m.[0m[31mF[0m[31mF[0m[31mF[0m[31mF[0m[31mF[0m[32m.[0m[31mF[0m[31mF[0m[31mF[0m[31mF[0m[31mF[0m[31mF[0m[31mF[0m[31mF[0m[31mF[0m[31mF[0m[31mF[0m[32m.[0m[32m.[0m[32m.[0m[32m.[0m[32m.[0m[32m.[0m[32m.[0m[32m.[0m[32m.[0m[32m.[0m[32m.[0m[32m.[0m[32m.[0m[32m.[0m[32m.[0m[32m.[0m[32m.[0m[32m.[0m[31m               [ 93%][0m
tests/test_udh.py [32m.[0m[31m                                                      [ 95%][0m
tests/test_wap.py [32m.[0m[32m.[0m[32m.[0m[31m                                                    [100%][0m

=================================== FAILURES ===================================
[31m[1m__________ TestEncodingFunctions.test_decoding_supported_unicode_gsm ___________[0m

self = <tests.test_gsm_encoding.TestEncodingFunctions testMethod=test_decoding_supported_unicode_gsm>

    def test_decoding_supported_unicode_gsm(self):
        for key in list(MAP.keys()):
            i_gsm = MAP[key][1]
            if i_gsm <= 0xff:
                s_gsm = chr(i_gsm)
            elif i_gsm <= 0xffff:
                s_gsm = chr((i_gsm & 0xff00) >> 8)
                s_gsm += chr(i_gsm & 0x00ff)
    
>           s_unicode = s_gsm.encode('gsm0338')

[1m[31mtests/test_gsm_encoding.py[0m:253: 
_ _ _ _ _ _ _ _ _ _ _ _ _ _ _ _ _ _ _ _ _ _ _ _ _ _ _ _ _ _ _ _ _ _ _ _ _ _ _ _ 

self = <messaging.sms.gsm0338.GSM0338Codec object at 0x7fad6a67a220>
input = '\x00', errors = 'strict'

    def encode(self, input, errors='strict'):
>       return codecs.charmap_encode(input, errors, encoding_map)
[1m[31mE       UnicodeEncodeError: 'charmap' codec can't encode character '\x00' in position 0: character maps to <undefined>[0m

[1m[31mmessaging/sms/gsm0338.py[0m:54: UnicodeEncodeError
[31m[1m_______ TestEncodingFunctions.test_encoding_supported_greek_unicode_gsm ________[0m

self = <tests.test_gsm_encoding.TestEncodingFunctions testMethod=test_encoding_supported_greek_unicode_gsm>

    def test_encoding_supported_greek_unicode_gsm(self):
        # Note: Conversion is one way, hence no corresponding decode test
    
        for key in list(GREEK_MAP.keys()):
            # Use 'replace' so that we trigger the mapping
            s_gsm = key.encode('gsm0338', 'replace')
    
            if len(s_gsm) != 1:
                s_gsm = BAD  # so we see the comparison, not an exception
    
>           self.assertEqual(GREEK_MAP[key][1], s_gsm)
[1m[31mE           AssertionError: 65 != b'?'[0m

[1m[31mtests/test_gsm_encoding.py[0m:230: AssertionError
[31m[1m_______ TestEncodingFunctions.test_encoding_supported_quirk_unicode_gsm ________[0m

self = <tests.test_gsm_encoding.TestEncodingFunctions testMethod=test_encoding_supported_quirk_unicode_gsm>

    def test_encoding_supported_quirk_unicode_gsm(self):
        # Note: Conversion is one way, hence no corresponding decode test
    
        for key in list(QUIRK_MAP.keys()):
            # Use 'replace' so that we trigger the mapping
            s_gsm = key.encode('gsm0338', 'replace')
    
            if len(s_gsm) != 1:
                s_gsm = BAD  # so we see the comparison, not an exception
    
>           self.assertEqual(QUIRK_MAP[key][1], s_gsm)
[1m[31mE           AssertionError: 9 != b'?'[0m

[1m[31mtests/test_gsm_encoding.py[0m:242: AssertionError
[31m[1m__________ TestEncodingFunctions.test_encoding_supported_unicode_gsm ___________[0m

self = <tests.test_gsm_encoding.TestEncodingFunctions testMethod=test_encoding_supported_unicode_gsm>

    def test_encoding_supported_unicode_gsm(self):
    
        for key in list(MAP.keys()):
            # Use 'ignore' so that we see the code tested, not an exception
            s_gsm = key.encode('gsm0338', 'ignore')
    
            if len(s_gsm) == 1:
                i_gsm = s_gsm
            elif len(s_gsm) == 2:
                i_gsm = (s_gsm[0] << 8) + s_gsm[1]
            else:
                i_gsm = BAD  # so we see the comparison, not an exception
    
            # We shouldn't generate an invalid escape sequence
            if key == chr(0x00a0):
                self.assertEqual(BAD, i_gsm)
            else:
>               self.assertEqual(MAP[key][1], ord(i_gsm))
[1m[31mE               TypeError: ord() expected string of length 1, but int found[0m

[1m[31mtests/test_gsm_encoding.py[0m:218: TypeError
[31m[1m________________ TestEncodingFunctions.test_is_valid_gsm_false _________________[0m

self = <tests.test_gsm_encoding.TestEncodingFunctions testMethod=test_is_valid_gsm_false>

    def test_is_valid_gsm_false(self):
        self.assertFalse(is_valid_gsm(chr(0x00a0)))
    
        for i in range(1, 0xffff + 1):
            if chr(i) not in MAP:
                # Note: it's a little odd, but on error we want to see values
                if is_valid_gsm(chr(i)):
>                   self.assertEqual(BAD, i)
[1m[31mE                   AssertionError: -1 != 27[0m

[1m[31mtests/test_gsm_encoding.py[0m:269: AssertionError
[31m[1m_________________ TestEncodingFunctions.test_mappings_are_same _________________[0m

self = <tests.test_gsm_encoding.TestEncodingFunctions testMethod=test_mappings_are_same>

    def test_mappings_are_same(self):
        self.maxDiff = None
        translated_dict =  dict((ord(k), ord(v)) for k, v in def_regular_decode_dict.items())
        translated_dict.update(dict((ord(k), ord(v)) for k, v in def_escape_decode_dict.items()))
>       self.assertDictEqual(decoding_map, translated_dict)
[1m[31mE       AssertionError: {0: 6[74 chars]10: 10, 11: 216, 12: 248, 13: 13, 14: 197, 15:[1124 chars]8364} != {0: 6[74 chars]10: 12, 11: 216, 12: 248, 13: 13, 14: 197, 15:[969 chars] 224}[0m
[1m[31mE       - {b'\x1b\n': 12,[0m
[1m[31mE       -  b'\x1b\x14': 94,[0m
[1m[31mE       -  b'\x1b(': 123,[0m
[1m[31mE       -  b'\x1b)': 125,[0m
[1m[31mE       -  b'\x1b/': 92,[0m
[1m[31mE       -  b'\x1b<': 91,[0m
[1m[31mE       -  b'\x1b=': 126,[0m
[1m[31mE       -  b'\x1b>': 93,[0m
[1m[31mE       -  b'\x1b@': 124,[0m
[1m[31mE       -  b'\x1be': 8364,[0m
[1m[31mE       -  0: 64,[0m
[1m[31mE       ? ^[0m
[1m[31mE       [0m
[1m[31mE       + {0: 64,[0m
[1m[31mE       ? ^[0m
[1m[31mE       [0m
[1m[31mE          1: 163,[0m
[1m[31mE          2: 36,[0m
[1m[31mE          3: 165,[0m
[1m[31mE          4: 232,[0m
[1m[31mE          5: 233,[0m
[1m[31mE          6: 249,[0m
[1m[31mE          7: 236,[0m
[1m[31mE          8: 242,[0m
[1m[31mE          9: 199,[0m
[1m[31mE       -  10: 10,[0m
[1m[31mE       ?       ^[0m
[1m[31mE       [0m
[1m[31mE       +  10: 12,[0m
[1m[31mE       ?       ^[0m
[1m[31mE       [0m
[1m[31mE          11: 216,[0m
[1m[31mE          12: 248,[0m
[1m[31mE          13: 13,[0m
[1m[31mE          14: 197,[0m
[1m[31mE          15: 229,[0m
[1m[31mE          16: 916,[0m
[1m[31mE          17: 95,[0m
[1m[31mE          18: 934,[0m
[1m[31mE          19: 915,[0m
[1m[31mE       -  20: 923,[0m
[1m[31mE       ?       ^^[0m
[1m[31mE       [0m
[1m[31mE       +  20: 94,[0m
[1m[31mE       ?       ^[0m
[1m[31mE       [0m
[1m[31mE          21: 937,[0m
[1m[31mE          22: 928,[0m
[1m[31mE          23: 936,[0m
[1m[31mE          24: 931,[0m
[1m[31mE          25: 920,[0m
[1m[31mE          26: 926,[0m
[1m[31mE       -  27: 27,[0m
[1m[31mE          28: 198,[0m
[1m[31mE          29: 230,[0m
[1m[31mE          30: 223,[0m
[1m[31mE          31: 201,[0m
[1m[31mE          32: 32,[0m
[1m[31mE          33: 33,[0m
[1m[31mE          34: 34,[0m
[1m[31mE          35: 35,[0m
[1m[31mE          36: 164,[0m
[1m[31mE          37: 37,[0m
[1m[31mE          38: 38,[0m
[1m[31mE          39: 39,[0m
[1m[31mE       -  40: 40,[0m
[1m[31mE       +  40: 123,[0m
[1m[31mE       -  41: 41,[0m
[1m[31mE       ?      -[0m
[1m[31mE       [0m
[1m[31mE       +  41: 125,[0m
[1m[31mE       ?       ++[0m
[1m[31mE       [0m
[1m[31mE          42: 42,[0m
[1m[31mE          43: 43,[0m
[1m[31mE          44: 44,[0m
[1m[31mE          45: 45,[0m
[1m[31mE          46: 46,[0m
[1m[31mE       -  47: 47,[0m
[1m[31mE       ?      ^^[0m
[1m[31mE       [0m
[1m[31mE       +  47: 92,[0m
[1m[31mE       ?      ^^[0m
[1m[31mE       [0m
[1m[31mE          48: 48,[0m
[1m[31mE          49: 49,[0m
[1m[31mE          50: 50,[0m
[1m[31mE          51: 51,[0m
[1m[31mE          52: 52,[0m
[1m[31mE          53: 53,[0m
[1m[31mE          54: 54,[0m
[1m[31mE          55: 55,[0m
[1m[31mE          56: 56,[0m
[1m[31mE          57: 57,[0m
[1m[31mE          58: 58,[0m
[1m[31mE          59: 59,[0m
[1m[31mE       -  60: 60,[0m
[1m[31mE       ?      ^^[0m
[1m[31mE       [0m
[1m[31mE       +  60: 91,[0m
[1m[31mE       ?      ^^[0m
[1m[31mE       [0m
[1m[31mE       -  61: 61,[0m
[1m[31mE       ?       -[0m
[1m[31mE       [0m
[1m[31mE       +  61: 126,[0m
[1m[31mE       ?      ++[0m
[1m[31mE       [0m
[1m[31mE       -  62: 62,[0m
[1m[31mE       ?      ^^[0m
[1m[31mE       [0m
[1m[31mE       +  62: 93,[0m
[1m[31mE       ?      ^^[0m
[1m[31mE       [0m
[1m[31mE          63: 63,[0m
[1m[31mE       -  64: 161,[0m
[1m[31mE       ?       ^^[0m
[1m[31mE       [0m
[1m[31mE       +  64: 124,[0m
[1m[31mE       ?       ^^[0m
[1m[31mE       [0m
[1m[31mE          65: 65,[0m
[1m[31mE          66: 66,[0m
[1m[31mE          67: 67,[0m
[1m[31mE          68: 68,[0m
[1m[31mE          69: 69,[0m
[1m[31mE          70: 70,[0m
[1m[31mE          71: 71,[0m
[1m[31mE          72: 72,[0m
[1m[31mE          73: 73,[0m
[1m[31mE          74: 74,[0m
[1m[31mE          75: 75,[0m
[1m[31mE          76: 76,[0m
[1m[31mE          77: 77,[0m
[1m[31mE          78: 78,[0m
[1m[31mE          79: 79,[0m
[1m[31mE          80: 80,[0m
[1m[31mE          81: 81,[0m
[1m[31mE          82: 82,[0m
[1m[31mE          83: 83,[0m
[1m[31mE          84: 84,[0m
[1m[31mE          85: 85,[0m
[1m[31mE          86: 86,[0m
[1m[31mE          87: 87,[0m
[1m[31mE          88: 88,[0m
[1m[31mE          89: 89,[0m
[1m[31mE          90: 90,[0m
[1m[31mE          91: 196,[0m
[1m[31mE          92: 214,[0m
[1m[31mE          93: 209,[0m
[1m[31mE          94: 220,[0m
[1m[31mE          95: 167,[0m
[1m[31mE          96: 191,[0m
[1m[31mE          97: 97,[0m
[1m[31mE          98: 98,[0m
[1m[31mE          99: 99,[0m
[1m[31mE          100: 100,[0m
[1m[31mE       -  101: 101,[0m
[1m[31mE       +  101: 8364,[0m
[1m[31mE          102: 102,[0m
[1m[31mE          103: 103,[0m
[1m[31mE          104: 104,[0m
[1m[31mE          105: 105,[0m
[1m[31mE          106: 106,[0m
[1m[31mE          107: 107,[0m
[1m[31mE          108: 108,[0m
[1m[31mE          109: 109,[0m
[1m[31mE          110: 110,[0m
[1m[31mE          111: 111,[0m
[1m[31mE          112: 112,[0m
[1m[31mE          113: 113,[0m
[1m[31mE          114: 114,[0m
[1m[31mE          115: 115,[0m
[1m[31mE          116: 116,[0m
[1m[31mE          117: 117,[0m
[1m[31mE          118: 118,[0m
[1m[31mE          119: 119,[0m
[1m[31mE          120: 120,[0m
[1m[31mE          121: 121,[0m
[1m[31mE          122: 122,[0m
[1m[31mE          123: 228,[0m
[1m[31mE          124: 246,[0m
[1m[31mE          125: 241,[0m
[1m[31mE          126: 252,[0m
[1m[31mE          127: 224}[0m

[1m[31mtests/test_gsm_encoding.py[0m:199: AssertionError
[31m[1m______ TestMmsDecoding.test_decoding_27d0a048cd79555de05283a22372b0eb_mms ______[0m

self = <tests.test_mms.TestMmsDecoding testMethod=test_decoding_27d0a048cd79555de05283a22372b0eb_mms>

    def test_decoding_27d0a048cd79555de05283a22372b0eb_mms(self):
        path = os.path.join(DATA_DIR, '27d0a048cd79555de05283a22372b0eb.mms')
        mms = MMSMessage.from_file(path)
        self.assertTrue(isinstance(mms, MMSMessage))
        headers = {
            'Sender-Visibility': 'Show', 'From': '<not inserted>',
            'Read-Reply': False, 'Message-Class': 'Personal',
            'Transaction-Id': '3-31cb', 'MMS-Version': '1.0',
            'Priority': 'Normal', 'To': '123/TYPE=PLMN',
            'Delivery-Report': False, 'Message-Type': 'm-send-req',
            'Date': datetime.datetime(2004, 5, 23, 14, 14, 58),
            'Content-Type': ('application/vnd.wap.multipart.related', {'Start': '<AAAA>', 'Type': 'application/smil'}),
            'Subject': 'Ang├Ñende art-tillh├╢righet',
            #'Subject': 'Ang\xc3\xa5ende art-tillh\xc3\xb6righet',
        }
        smil_data = b'<smil><head><layout><root-layout height="240px" width="160px"/>\r\n<region id="Image" top="0" left="0" height="50%" width="100%" fit="hidden"/>\r\n<region id="Text" top="50%" left="0" height="50%" width="100%" fit="hidden"/>\r\n</layout>\r\n</head>\r\n<body><par dur="2000ms"><img src="Rain.wbmp" region="Image"></img>\r\n<text src="mms.txt" region="Text"></text>\r\n</par>\r\n</body>\r\n</smil>\r\n'
        text_data = b'Jonatan \xc3\xa4r en gnu.'
>       self.assertEqual(mms.headers, headers)
[1m[31mE       AssertionError: {'Message-Type': 'm-send-req', 'Transaction[410 chars]alse} != {'Sender-Visibility': 'Show', 'From': '<not[408 chars]het'}[0m
[1m[31mE         {'Content-Type': ('application/vnd.wap.multipart.related',[0m
[1m[31mE                           {'Start': '<AAAA>', 'Type': 'application/smil'}),[0m
[1m[31mE          'Date': datetime.datetime(2004, 5, 23, 14, 14, 58),[0m
[1m[31mE          'Delivery-Report': False,[0m
[1m[31mE          'From': '<not inserted>',[0m
[1m[31mE          'MMS-Version': '1.0',[0m
[1m[31mE          'Message-Class': 'Personal',[0m
[1m[31mE          'Message-Type': 'm-send-req',[0m
[1m[31mE          'Priority': 'Normal',[0m
[1m[31mE          'Read-Reply': False,[0m
[1m[31mE          'Sender-Visibility': 'Show',[0m
[1m[31mE       -  'Subject': 'Ang├â┬Ñende art-tillh├â┬╢righet',[0m
[1m[31mE       ?                 ^^              ^^[0m
[1m[31mE       [0m
[1m[31mE       +  'Subject': 'Ang├Ñende art-tillh├╢righet',[0m
[1m[31mE       ?                 ^              ^[0m
[1m[31mE       [0m
[1m[31mE          'To': '123/TYPE=PLMN',[0m
[1m[31mE          'Transaction-Id': '3-31cb'}[0m

[1m[31mtests/test_mms.py[0m:329: AssertionError
[31m[1m______________________ TestSmsSubmit.test_encoding_class _______________________[0m

self = <tests.test_sms.TestSmsSubmit testMethod=test_encoding_class>

    def test_encoding_class(self):
        number = binascii.unhexlify(b'2b3334363534313233343536').decode()
        text = "hey yo"
        expected_0 = "0001000B914356143254F6001006E8721E947F03"
        expected_1 = "0001000B914356143254F6001106E8721E947F03"
        expected_2 = "0001000B914356143254F6001206E8721E947F03"
        expected_3 = "0001000B914356143254F6001306E8721E947F03"
    
        sms = SmsSubmit(number, text)
        sms.ref = 0x0
        sms.klass = 0
    
>       pdu = sms.to_pdu()[0]

[1m[31mtests/test_sms.py[0m:121: 
_ _ _ _ _ _ _ _ _ _ _ _ _ _ _ _ _ _ _ _ _ _ _ _ _ _ _ _ _ _ _ _ _ _ _ _ _ _ _ _ 
[1m[31mmessaging/sms/submit.py[0m:83: in to_pdu
    sms_msg_pdu = self._get_msg_pdu()
[1m[31mmessaging/sms/submit.py[0m:248: in _get_msg_pdu
    message_pdu = [pack_8bits_to_7bits(self.text_gsm)]
_ _ _ _ _ _ _ _ _ _ _ _ _ _ _ _ _ _ _ _ _ _ _ _ _ _ _ _ _ _ _ _ _ _ _ _ _ _ _ _ 

message = b'hey yo', udh = None

    def pack_8bits_to_7bits(message, udh=None):
        pdu = ""
        txt = bytes_to_str(message)
    
        if udh is None:
            tl = len(txt)
>           txt += b'\x00'
[1m[31mE           TypeError: can only concatenate str (not "bytes") to str[0m

[1m[31mmessaging/utils.py[0m:100: TypeError
[31m[1m_______________________ TestSmsSubmit.test_encoding_csca _______________________[0m

self = <tests.test_sms.TestSmsSubmit testMethod=test_encoding_csca>

    def test_encoding_csca(self):
        number = binascii.unhexlify(b'2b3334363136353835313139').decode()
        text = "hola"
        csca = "+34646456456"
        expected = "07914346466554F601000B914316565811F9000004E8373B0C"
        expected_len = 17
    
        sms = SmsSubmit(number, text)
        sms.csca = csca
        sms.ref = 0x0
    
>       pdu = sms.to_pdu()[0]

[1m[31mtests/test_sms.py[0m:103: 
_ _ _ _ _ _ _ _ _ _ _ _ _ _ _ _ _ _ _ _ _ _ _ _ _ _ _ _ _ _ _ _ _ _ _ _ _ _ _ _ 
[1m[31mmessaging/sms/submit.py[0m:83: in to_pdu
    sms_msg_pdu = self._get_msg_pdu()
[1m[31mmessaging/sms/submit.py[0m:248: in _get_msg_pdu
    message_pdu = [pack_8bits_to_7bits(self.text_gsm)]
_ _ _ _ _ _ _ _ _ _ _ _ _ _ _ _ _ _ _ _ _ _ _ _ _ _ _ _ _ _ _ _ _ _ _ _ _ _ _ _ 

message = b'hola', udh = None

    def pack_8bits_to_7bits(message, udh=None):
        pdu = ""
        txt = bytes_to_str(message)
    
        if udh is None:
            tl = len(txt)
>           txt += b'\x00'
[1m[31mE           TypeError: can only concatenate str (not "bytes") to str[0m

[1m[31mmessaging/utils.py[0m:100: TypeError
[31m[1m____________ TestSmsSubmit.test_encoding_message_with_latin1_chars _____________[0m

self = <tests.test_sms.TestSmsSubmit testMethod=test_encoding_message_with_latin1_chars>

    def test_encoding_message_with_latin1_chars(self):
        # tested with pduspy.exe
        number = binascii.unhexlify(b'2b3334363534313233343536').decode()
        text = "H├╢l├ñ"
        expected = "0011000B914356143254F60000AA04483E7B0F"
    
        sms = SmsSubmit(number, text)
        sms.ref = 0x0
        sms.validity = timedelta(days=4)
    
>       pdu = sms.to_pdu()[0]

[1m[31mtests/test_sms.py[0m:159: 
_ _ _ _ _ _ _ _ _ _ _ _ _ _ _ _ _ _ _ _ _ _ _ _ _ _ _ _ _ _ _ _ _ _ _ _ _ _ _ _ 
[1m[31mmessaging/sms/submit.py[0m:83: in to_pdu
    sms_msg_pdu = self._get_msg_pdu()
[1m[31mmessaging/sms/submit.py[0m:248: in _get_msg_pdu
    message_pdu = [pack_8bits_to_7bits(self.text_gsm)]
_ _ _ _ _ _ _ _ _ _ _ _ _ _ _ _ _ _ _ _ _ _ _ _ _ _ _ _ _ _ _ _ _ _ _ _ _ _ _ _ 

message = b'H|l{', udh = None

    def pack_8bits_to_7bits(message, udh=None):
        pdu = ""
        txt = bytes_to_str(message)
    
        if udh is None:
            tl = len(txt)
>           txt += b'\x00'
[1m[31mE           TypeError: can only concatenate str (not "bytes") to str[0m

[1m[31mmessaging/utils.py[0m:100: TypeError
[31m[1m__________________ TestSmsSubmit.test_encoding_multipart_7bit __________________[0m

self = <tests.test_sms.TestSmsSubmit testMethod=test_encoding_multipart_7bit>

    def test_encoding_multipart_7bit(self):
        # text encoded with umts-tools
        text = "Or walk with Kings - nor lose the common touch, if neither foes nor loving friends can hurt you, If all men count with you, but none too much; If you can fill the unforgiving minute With sixty seconds' worth of distance run, Yours is the Earth and everything thats in it, And - which is more - you will be a Man, my son"
        number = binascii.unhexlify(b'363535333435363738').decode()
        expected = [
            "005100098156355476F80000AAA00500038803019E72D03DCC5E83EE693A1AB44CBBCF73500BE47ECB41ECF7BC0CA2A3CBA0F1BBDD7EBB41F4777D8C6681D26690BB9CA6A3CB7290F95D9E83DC6F3988FDB6A7DD6790599E2EBBC973D038EC06A1EB723A28FFAEB340493328CC6683DA653768FCAEBBE9A07B9A8E06E5DF7516485CA783DC6F7719447FBF41EDFA18BD0325CDA0FCBB0E1A87DD",
            "005100098156355476F80000AAA005000388030240E6349B0DA2A3CBA0BADBFC969FD3F6B4FB0C6AA7DD757A19744DD3D1A0791A4FCF83E6E5F1DB4D9E9F40F7B79C8E06BDCD20727A4E0FBBC76590BCEE6681B2EFBA7C0E4ACF41747419540CCBE96850D84D0695ED65799E8E4EBBCF203A3A4C9F83D26E509ACE0205DD64500B7447A7C768507A0E6ABFE565500B947FD741F7349B0D129741",
            "005100098156355476F80000AA14050003880303C2A066D8CD02B5F3A0F9DB0D",
        ]
    
        sms = SmsSubmit(number, text)
        sms.ref = 0x0
        sms.rand_id = 136
        sms.validity = timedelta(days=4)
    
>       ret = sms.to_pdu()

[1m[31mtests/test_sms.py[0m:226: 
_ _ _ _ _ _ _ _ _ _ _ _ _ _ _ _ _ _ _ _ _ _ _ _ _ _ _ _ _ _ _ _ _ _ _ _ _ _ _ _ 
[1m[31mmessaging/sms/submit.py[0m:83: in to_pdu
    sms_msg_pdu = self._get_msg_pdu()
[1m[31mmessaging/sms/submit.py[0m:250: in _get_msg_pdu
    message_pdu = self._split_sms_message(self.text_gsm)
_ _ _ _ _ _ _ _ _ _ _ _ _ _ _ _ _ _ _ _ _ _ _ _ _ _ _ _ _ _ _ _ _ _ _ _ _ _ _ _ 

self = <messaging.sms.submit.SmsSubmit object at 0x7fad6a4d49a0>
text = b"Or walk with Kings - nor lose the common touch, if neither foes nor loving friends can hurt you, If all men count wi... worth of distance run, Yours is the Earth and everything thats in it, And - which is more - you will be a Man, my son"

    def _split_sms_message(self, text):
        if self.fmt == 0x00:
            len_without_udh = consts.SEVENBIT_MP_SIZE
            limit = consts.SEVENBIT_SIZE
            packing_func = pack_8bits_to_7bits
            total_len = len(self.text_gsm)
    
        elif self.fmt == 0x04:
            len_without_udh = consts.EIGHTBIT_MP_SIZE
            limit = consts.EIGHTBIT_SIZE
            packing_func = pack_8bits_to_8bit
            total_len = len(self.text)
    
        elif self.fmt == 0x08:
            len_without_udh = consts.UCS2_MP_SIZE
            limit = consts.UCS2_SIZE
            packing_func = pack_8bits_to_ucs2
            total_len = len(self.text)
    
        msgs = []
        pi, pe = 0, len_without_udh
    
        while pi < total_len:
            if text[pi:pe][-1] == '\x1b':
                pe -= 1
    
            msgs.append(text[pi:pe])
            pi = pe
            pe += len_without_udh
    
        pdu_msgs = []
    
        udh_len = 0x05
        mid = 0x00
        data_len = 0x03
    
        sms_ref = self._get_rand_id() if self.rand_id is None else self.rand_id
        sms_ref &= 0xFF
    
        for i, msg in enumerate(msgs):
            i += 1
            total_parts = len(msgs)
            if limit == consts.SEVENBIT_SIZE:
                udh = (chr(udh_len) + chr(mid) + chr(data_len) +
                       chr(sms_ref) + chr(total_parts) + chr(i))
                padding = " "
            else:
                udh = (chr(int("%04x" % ((udh_len << 8) | mid), 16)) +
                       chr(int("%04x" % ((data_len << 8) | sms_ref), 16)) +
                       chr(int("%04x" % ((total_parts << 8) | i), 16)))
                padding = ""
    
>           pdu_msgs.append(packing_func(padding + msg, udh))
[1m[31mE           TypeError: can only concatenate str (not "bytes") to str[0m

[1m[31mmessaging/sms/submit.py[0m:322: TypeError
[31m[1m__________________ TestSmsSubmit.test_encoding_request_status __________________[0m

self = <tests.test_sms.TestSmsSubmit testMethod=test_encoding_request_status>

    def test_encoding_request_status(self):
        # tested with pduspy.exe and http://www.rednaxela.net/pdu.php
        number = binascii.unhexlify(b'2b3334363534313233343536').decode()
        text = "hey yo"
        expected = "0021000B914356143254F6000006E8721E947F03"
    
        sms = SmsSubmit(number, text)
        sms.ref = 0x0
        sms.request_status = True
    
>       pdu = sms.to_pdu()[0]

[1m[31mtests/test_sms.py[0m:146: 
_ _ _ _ _ _ _ _ _ _ _ _ _ _ _ _ _ _ _ _ _ _ _ _ _ _ _ _ _ _ _ _ _ _ _ _ _ _ _ _ 
[1m[31mmessaging/sms/submit.py[0m:83: in to_pdu
    sms_msg_pdu = self._get_msg_pdu()
[1m[31mmessaging/sms/submit.py[0m:248: in _get_msg_pdu
    message_pdu = [pack_8bits_to_7bits(self.text_gsm)]
_ _ _ _ _ _ _ _ _ _ _ _ _ _ _ _ _ _ _ _ _ _ _ _ _ _ _ _ _ _ _ _ _ _ _ _ _ _ _ _ 

message = b'hey yo', udh = None

    def pack_8bits_to_7bits(message, udh=None):
        pdu = ""
        txt = bytes_to_str(message)
    
        if udh is None:
            tl = len(txt)
>           txt += b'\x00'
[1m[31mE           TypeError: can only concatenate str (not "bytes") to str[0m

[1m[31mmessaging/utils.py[0m:100: TypeError
[31m[1m_____________________ TestSmsSubmit.test_encoding_validity _____________________[0m

self = <tests.test_sms.TestSmsSubmit testMethod=test_encoding_validity>

    def test_encoding_validity(self):
        # no validity
        number = binascii.unhexlify(b'2b3334363136353835313139').decode()
        text = "hola"
        expected = "0001000B914316565811F9000004E8373B0C"
    
        sms = SmsSubmit(number, text)
        sms.ref = 0x0
    
>       pdu = sms.to_pdu()[0]

[1m[31mtests/test_sms.py[0m:63: 
_ _ _ _ _ _ _ _ _ _ _ _ _ _ _ _ _ _ _ _ _ _ _ _ _ _ _ _ _ _ _ _ _ _ _ _ _ _ _ _ 
[1m[31mmessaging/sms/submit.py[0m:83: in to_pdu
    sms_msg_pdu = self._get_msg_pdu()
[1m[31mmessaging/sms/submit.py[0m:248: in _get_msg_pdu
    message_pdu = [pack_8bits_to_7bits(self.text_gsm)]
_ _ _ _ _ _ _ _ _ _ _ _ _ _ _ _ _ _ _ _ _ _ _ _ _ _ _ _ _ _ _ _ _ _ _ _ _ _ _ _ 

message = b'hola', udh = None

    def pack_8bits_to_7bits(message, udh=None):
        pdu = ""
        txt = bytes_to_str(message)
    
        if udh is None:
            tl = len(txt)
>           txt += b'\x00'
[1m[31mE           TypeError: can only concatenate str (not "bytes") to str[0m

[1m[31mmessaging/utils.py[0m:100: TypeError
[31m[1m_______________________ TestSubmitPduCounts.test_egsm_1 ________________________[0m

self = <tests.test_sms.TestSubmitPduCounts testMethod=test_egsm_1>

    def test_egsm_1(self):
        sms = SmsSubmit(self.DEST, self.EGSM_CHAR * 80)
>       self.assertEqual(len(sms.to_pdu()), 1)

[1m[31mtests/test_sms.py[0m:276: 
_ _ _ _ _ _ _ _ _ _ _ _ _ _ _ _ _ _ _ _ _ _ _ _ _ _ _ _ _ _ _ _ _ _ _ _ _ _ _ _ 
[1m[31mmessaging/sms/submit.py[0m:83: in to_pdu
    sms_msg_pdu = self._get_msg_pdu()
[1m[31mmessaging/sms/submit.py[0m:248: in _get_msg_pdu
    message_pdu = [pack_8bits_to_7bits(self.text_gsm)]
_ _ _ _ _ _ _ _ _ _ _ _ _ _ _ _ _ _ _ _ _ _ _ _ _ _ _ _ _ _ _ _ _ _ _ _ _ _ _ _ 

message = b'\x1be\x1be\x1be\x1be\x1be\x1be\x1be\x1be\x1be\x1be\x1be\x1be\x1be\x1be\x1be\x1be\x1be\x1be\x1be\x1be\x1be\x1be\x1be\...1be\x1be\x1be\x1be\x1be\x1be\x1be\x1be\x1be\x1be\x1be\x1be\x1be\x1be\x1be\x1be\x1be\x1be\x1be\x1be\x1be\x1be\x1be\x1be'
udh = None

    def pack_8bits_to_7bits(message, udh=None):
        pdu = ""
        txt = bytes_to_str(message)
    
        if udh is None:
            tl = len(txt)
>           txt += b'\x00'
[1m[31mE           TypeError: can only concatenate str (not "bytes") to str[0m

[1m[31mmessaging/utils.py[0m:100: TypeError
[31m[1m_______________________ TestSubmitPduCounts.test_egsm_2 ________________________[0m

self = <tests.test_sms.TestSubmitPduCounts testMethod=test_egsm_2>

    def test_egsm_2(self):
        sms = SmsSubmit(self.DEST,
                        self.EGSM_CHAR * 79 + self.GSM_CHAR)
>       self.assertEqual(len(sms.to_pdu()), 1)

[1m[31mtests/test_sms.py[0m:281: 
_ _ _ _ _ _ _ _ _ _ _ _ _ _ _ _ _ _ _ _ _ _ _ _ _ _ _ _ _ _ _ _ _ _ _ _ _ _ _ _ 
[1m[31mmessaging/sms/submit.py[0m:83: in to_pdu
    sms_msg_pdu = self._get_msg_pdu()
[1m[31mmessaging/sms/submit.py[0m:248: in _get_msg_pdu
    message_pdu = [pack_8bits_to_7bits(self.text_gsm)]
_ _ _ _ _ _ _ _ _ _ _ _ _ _ _ _ _ _ _ _ _ _ _ _ _ _ _ _ _ _ _ _ _ _ _ _ _ _ _ _ 

message = b'\x1be\x1be\x1be\x1be\x1be\x1be\x1be\x1be\x1be\x1be\x1be\x1be\x1be\x1be\x1be\x1be\x1be\x1be\x1be\x1be\x1be\x1be\x1be\...be\x1be\x1be\x1be\x1be\x1be\x1be\x1be\x1be\x1be\x1be\x1be\x1be\x1be\x1be\x1be\x1be\x1be\x1be\x1be\x1be\x1be\x1be\x1bex'
udh = None

    def pack_8bits_to_7bits(message, udh=None):
        pdu = ""
        txt = bytes_to_str(message)
    
        if udh is None:
            tl = len(txt)
>           txt += b'\x00'
[1m[31mE           TypeError: can only concatenate str (not "bytes") to str[0m

[1m[31mmessaging/utils.py[0m:100: TypeError
[31m[1m_______________________ TestSubmitPduCounts.test_egsm_3 ________________________[0m

self = <tests.test_sms.TestSubmitPduCounts testMethod=test_egsm_3>

    def test_egsm_3(self):
        sms = SmsSubmit(self.DEST, self.EGSM_CHAR * 153)  # 306 septets
>       self.assertEqual(len(sms.to_pdu()), 3)

[1m[31mtests/test_sms.py[0m:285: 
_ _ _ _ _ _ _ _ _ _ _ _ _ _ _ _ _ _ _ _ _ _ _ _ _ _ _ _ _ _ _ _ _ _ _ _ _ _ _ _ 
[1m[31mmessaging/sms/submit.py[0m:83: in to_pdu
    sms_msg_pdu = self._get_msg_pdu()
[1m[31mmessaging/sms/submit.py[0m:250: in _get_msg_pdu
    message_pdu = self._split_sms_message(self.text_gsm)
_ _ _ _ _ _ _ _ _ _ _ _ _ _ _ _ _ _ _ _ _ _ _ _ _ _ _ _ _ _ _ _ _ _ _ _ _ _ _ _ 

self = <messaging.sms.submit.SmsSubmit object at 0x7fad6a510430>
text = b'\x1be\x1be\x1be\x1be\x1be\x1be\x1be\x1be\x1be\x1be\x1be\x1be\x1be\x1be\x1be\x1be\x1be\x1be\x1be\x1be\x1be\x1be\x1be\...1be\x1be\x1be\x1be\x1be\x1be\x1be\x1be\x1be\x1be\x1be\x1be\x1be\x1be\x1be\x1be\x1be\x1be\x1be\x1be\x1be\x1be\x1be\x1be'

    def _split_sms_message(self, text):
        if self.fmt == 0x00:
            len_without_udh = consts.SEVENBIT_MP_SIZE
            limit = consts.SEVENBIT_SIZE
            packing_func = pack_8bits_to_7bits
            total_len = len(self.text_gsm)
    
        elif self.fmt == 0x04:
            len_without_udh = consts.EIGHTBIT_MP_SIZE
            limit = consts.EIGHTBIT_SIZE
            packing_func = pack_8bits_to_8bit
            total_len = len(self.text)
    
        elif self.fmt == 0x08:
            len_without_udh = consts.UCS2_MP_SIZE
            limit = consts.UCS2_SIZE
            packing_func = pack_8bits_to_ucs2
            total_len = len(self.text)
    
        msgs = []
        pi, pe = 0, len_without_udh
    
        while pi < total_len:
            if text[pi:pe][-1] == '\x1b':
                pe -= 1
    
            msgs.append(text[pi:pe])
            pi = pe
            pe += len_without_udh
    
        pdu_msgs = []
    
        udh_len = 0x05
        mid = 0x00
        data_len = 0x03
    
        sms_ref = self._get_rand_id() if self.rand_id is None else self.rand_id
        sms_ref &= 0xFF
    
        for i, msg in enumerate(msgs):
            i += 1
            total_parts = len(msgs)
            if limit == consts.SEVENBIT_SIZE:
                udh = (chr(udh_len) + chr(mid) + chr(data_len) +
                       chr(sms_ref) + chr(total_parts) + chr(i))
                padding = " "
            else:
                udh = (chr(int("%04x" % ((udh_len << 8) | mid), 16)) +
                       chr(int("%04x" % ((data_len << 8) | sms_ref), 16)) +
                       chr(int("%04x" % ((total_parts << 8) | i), 16)))
                padding = ""
    
>           pdu_msgs.append(packing_func(padding + msg, udh))
[1m[31mE           TypeError: can only concatenate str (not "bytes") to str[0m

[1m[31mmessaging/sms/submit.py[0m:322: TypeError
[31m[1m_______________________ TestSubmitPduCounts.test_egsm_4 ________________________[0m

self = <tests.test_sms.TestSubmitPduCounts testMethod=test_egsm_4>

    def test_egsm_4(self):
        sms = SmsSubmit(self.DEST,
                          self.EGSM_CHAR * 229 + self.GSM_CHAR)  # 459 septets
>       self.assertEqual(len(sms.to_pdu()), 4)

[1m[31mtests/test_sms.py[0m:290: 
_ _ _ _ _ _ _ _ _ _ _ _ _ _ _ _ _ _ _ _ _ _ _ _ _ _ _ _ _ _ _ _ _ _ _ _ _ _ _ _ 
[1m[31mmessaging/sms/submit.py[0m:83: in to_pdu
    sms_msg_pdu = self._get_msg_pdu()
[1m[31mmessaging/sms/submit.py[0m:250: in _get_msg_pdu
    message_pdu = self._split_sms_message(self.text_gsm)
_ _ _ _ _ _ _ _ _ _ _ _ _ _ _ _ _ _ _ _ _ _ _ _ _ _ _ _ _ _ _ _ _ _ _ _ _ _ _ _ 

self = <messaging.sms.submit.SmsSubmit object at 0x7fad6a5d7160>
text = b'\x1be\x1be\x1be\x1be\x1be\x1be\x1be\x1be\x1be\x1be\x1be\x1be\x1be\x1be\x1be\x1be\x1be\x1be\x1be\x1be\x1be\x1be\x1be\...be\x1be\x1be\x1be\x1be\x1be\x1be\x1be\x1be\x1be\x1be\x1be\x1be\x1be\x1be\x1be\x1be\x1be\x1be\x1be\x1be\x1be\x1be\x1bex'

    def _split_sms_message(self, text):
        if self.fmt == 0x00:
            len_without_udh = consts.SEVENBIT_MP_SIZE
            limit = consts.SEVENBIT_SIZE
            packing_func = pack_8bits_to_7bits
            total_len = len(self.text_gsm)
    
        elif self.fmt == 0x04:
            len_without_udh = consts.EIGHTBIT_MP_SIZE
            limit = consts.EIGHTBIT_SIZE
            packing_func = pack_8bits_to_8bit
            total_len = len(self.text)
    
        elif self.fmt == 0x08:
            len_without_udh = consts.UCS2_MP_SIZE
            limit = consts.UCS2_SIZE
            packing_func = pack_8bits_to_ucs2
            total_len = len(self.text)
    
        msgs = []
        pi, pe = 0, len_without_udh
    
        while pi < total_len:
            if text[pi:pe][-1] == '\x1b':
                pe -= 1
    
            msgs.append(text[pi:pe])
            pi = pe
            pe += len_without_udh
    
        pdu_msgs = []
    
        udh_len = 0x05
        mid = 0x00
        data_len = 0x03
    
        sms_ref = self._get_rand_id() if self.rand_id is None else self.rand_id
        sms_ref &= 0xFF
    
        for i, msg in enumerate(msgs):
            i += 1
            total_parts = len(msgs)
            if limit == consts.SEVENBIT_SIZE:
                udh = (chr(udh_len) + chr(mid) + chr(data_len) +
                       chr(sms_ref) + chr(total_parts) + chr(i))
                padding = " "
            else:
                udh = (chr(int("%04x" % ((udh_len << 8) | mid), 16)) +
                       chr(int("%04x" % ((data_len << 8) | sms_ref), 16)) +
                       chr(int("%04x" % ((total_parts << 8) | i), 16)))
                padding = ""
    
>           pdu_msgs.append(packing_func(padding + msg, udh))
[1m[31mE           TypeError: can only concatenate str (not "bytes") to str[0m

[1m[31mmessaging/sms/submit.py[0m:322: TypeError
[31m[1m________________________ TestSubmitPduCounts.test_gsm_1 ________________________[0m

self = <tests.test_sms.TestSubmitPduCounts testMethod=test_gsm_1>

    def test_gsm_1(self):
        sms = SmsSubmit(self.DEST, self.GSM_CHAR * 160)
>       self.assertEqual(len(sms.to_pdu()), 1)

[1m[31mtests/test_sms.py[0m:250: 
_ _ _ _ _ _ _ _ _ _ _ _ _ _ _ _ _ _ _ _ _ _ _ _ _ _ _ _ _ _ _ _ _ _ _ _ _ _ _ _ 
[1m[31mmessaging/sms/submit.py[0m:83: in to_pdu
    sms_msg_pdu = self._get_msg_pdu()
[1m[31mmessaging/sms/submit.py[0m:248: in _get_msg_pdu
    message_pdu = [pack_8bits_to_7bits(self.text_gsm)]
_ _ _ _ _ _ _ _ _ _ _ _ _ _ _ _ _ _ _ _ _ _ _ _ _ _ _ _ _ _ _ _ _ _ _ _ _ _ _ _ 

message = b'xxxxxxxxxxxxxxxxxxxxxxxxxxxxxxxxxxxxxxxxxxxxxxxxxxxxxxxxxxxxxxxxxxxxxxxxxxxxxxxxxxxxxxxxxxxxxxxxxxxxxxxxxxxxxxxxxxxxxxxxxxxxxxxxxxxxxxxxxxxxxxxxxxxxxxxxxxxxxxxx'
udh = None

    def pack_8bits_to_7bits(message, udh=None):
        pdu = ""
        txt = bytes_to_str(message)
    
        if udh is None:
            tl = len(txt)
>           txt += b'\x00'
[1m[31mE           TypeError: can only concatenate str (not "bytes") to str[0m

[1m[31mmessaging/utils.py[0m:100: TypeError
[31m[1m________________________ TestSubmitPduCounts.test_gsm_2 ________________________[0m

self = <tests.test_sms.TestSubmitPduCounts testMethod=test_gsm_2>

    def test_gsm_2(self):
        sms = SmsSubmit(self.DEST, self.GSM_CHAR * 161)
>       self.assertEqual(len(sms.to_pdu()), 2)

[1m[31mtests/test_sms.py[0m:254: 
_ _ _ _ _ _ _ _ _ _ _ _ _ _ _ _ _ _ _ _ _ _ _ _ _ _ _ _ _ _ _ _ _ _ _ _ _ _ _ _ 
[1m[31mmessaging/sms/submit.py[0m:83: in to_pdu
    sms_msg_pdu = self._get_msg_pdu()
[1m[31mmessaging/sms/submit.py[0m:250: in _get_msg_pdu
    message_pdu = self._split_sms_message(self.text_gsm)
_ _ _ _ _ _ _ _ _ _ _ _ _ _ _ _ _ _ _ _ _ _ _ _ _ _ _ _ _ _ _ _ _ _ _ _ _ _ _ _ 

self = <messaging.sms.submit.SmsSubmit object at 0x7fad6a533910>
text = b'xxxxxxxxxxxxxxxxxxxxxxxxxxxxxxxxxxxxxxxxxxxxxxxxxxxxxxxxxxxxxxxxxxxxxxxxxxxxxxxxxxxxxxxxxxxxxxxxxxxxxxxxxxxxxxxxxxxxxxxxxxxxxxxxxxxxxxxxxxxxxxxxxxxxxxxxxxxxxxxxx'

    def _split_sms_message(self, text):
        if self.fmt == 0x00:
            len_without_udh = consts.SEVENBIT_MP_SIZE
            limit = consts.SEVENBIT_SIZE
            packing_func = pack_8bits_to_7bits
            total_len = len(self.text_gsm)
    
        elif self.fmt == 0x04:
            len_without_udh = consts.EIGHTBIT_MP_SIZE
            limit = consts.EIGHTBIT_SIZE
            packing_func = pack_8bits_to_8bit
            total_len = len(self.text)
    
        elif self.fmt == 0x08:
            len_without_udh = consts.UCS2_MP_SIZE
            limit = consts.UCS2_SIZE
            packing_func = pack_8bits_to_ucs2
            total_len = len(self.text)
    
        msgs = []
        pi, pe = 0, len_without_udh
    
        while pi < total_len:
            if text[pi:pe][-1] == '\x1b':
                pe -= 1
    
            msgs.append(text[pi:pe])
            pi = pe
            pe += len_without_udh
    
        pdu_msgs = []
    
        udh_len = 0x05
        mid = 0x00
        data_len = 0x03
    
        sms_ref = self._get_rand_id() if self.rand_id is None else self.rand_id
        sms_ref &= 0xFF
    
        for i, msg in enumerate(msgs):
            i += 1
            total_parts = len(msgs)
            if limit == consts.SEVENBIT_SIZE:
                udh = (chr(udh_len) + chr(mid) + chr(data_len) +
                       chr(sms_ref) + chr(total_parts) + chr(i))
                padding = " "
            else:
                udh = (chr(int("%04x" % ((udh_len << 8) | mid), 16)) +
                       chr(int("%04x" % ((data_len << 8) | sms_ref), 16)) +
                       chr(int("%04x" % ((total_parts << 8) | i), 16)))
                padding = ""
    
>           pdu_msgs.append(packing_func(padding + msg, udh))
[1m[31mE           TypeError: can only concatenate str (not "bytes") to str[0m

[1m[31mmessaging/sms/submit.py[0m:322: TypeError
[31m[1m________________________ TestSubmitPduCounts.test_gsm_3 ________________________[0m

self = <tests.test_sms.TestSubmitPduCounts testMethod=test_gsm_3>

    def test_gsm_3(self):
        sms = SmsSubmit(self.DEST, self.GSM_CHAR * 153 * 2)
>       self.assertEqual(len(sms.to_pdu()), 2)

[1m[31mtests/test_sms.py[0m:258: 
_ _ _ _ _ _ _ _ _ _ _ _ _ _ _ _ _ _ _ _ _ _ _ _ _ _ _ _ _ _ _ _ _ _ _ _ _ _ _ _ 
[1m[31mmessaging/sms/submit.py[0m:83: in to_pdu
    sms_msg_pdu = self._get_msg_pdu()
[1m[31mmessaging/sms/submit.py[0m:250: in _get_msg_pdu
    message_pdu = self._split_sms_message(self.text_gsm)
_ _ _ _ _ _ _ _ _ _ _ _ _ _ _ _ _ _ _ _ _ _ _ _ _ _ _ _ _ _ _ _ _ _ _ _ _ _ _ _ 

self = <messaging.sms.submit.SmsSubmit object at 0x7fad6a502be0>
text = b'xxxxxxxxxxxxxxxxxxxxxxxxxxxxxxxxxxxxxxxxxxxxxxxxxxxxxxxxxxxxxxxxxxxxxxxxxxxxxxxxxxxxxxxxxxxxxxxxxxxxxxxxxxxxxxxxxxxx...xxxxxxxxxxxxxxxxxxxxxxxxxxxxxxxxxxxxxxxxxxxxxxxxxxxxxxxxxxxxxxxxxxxxxxxxxxxxxxxxxxxxxxxxxxxxxxxxxxxxxxxxxxxxxxxxxxxxxx'

    def _split_sms_message(self, text):
        if self.fmt == 0x00:
            len_without_udh = consts.SEVENBIT_MP_SIZE
            limit = consts.SEVENBIT_SIZE
            packing_func = pack_8bits_to_7bits
            total_len = len(self.text_gsm)
    
        elif self.fmt == 0x04:
            len_without_udh = consts.EIGHTBIT_MP_SIZE
            limit = consts.EIGHTBIT_SIZE
            packing_func = pack_8bits_to_8bit
            total_len = len(self.text)
    
        elif self.fmt == 0x08:
            len_without_udh = consts.UCS2_MP_SIZE
            limit = consts.UCS2_SIZE
            packing_func = pack_8bits_to_ucs2
            total_len = len(self.text)
    
        msgs = []
        pi, pe = 0, len_without_udh
    
        while pi < total_len:
            if text[pi:pe][-1] == '\x1b':
                pe -= 1
    
            msgs.append(text[pi:pe])
            pi = pe
            pe += len_without_udh
    
        pdu_msgs = []
    
        udh_len = 0x05
        mid = 0x00
        data_len = 0x03
    
        sms_ref = self._get_rand_id() if self.rand_id is None else self.rand_id
        sms_ref &= 0xFF
    
        for i, msg in enumerate(msgs):
            i += 1
            total_parts = len(msgs)
            if limit == consts.SEVENBIT_SIZE:
                udh = (chr(udh_len) + chr(mid) + chr(data_len) +
                       chr(sms_ref) + chr(total_parts) + chr(i))
                padding = " "
            else:
                udh = (chr(int("%04x" % ((udh_len << 8) | mid), 16)) +
                       chr(int("%04x" % ((data_len << 8) | sms_ref), 16)) +
                       chr(int("%04x" % ((total_parts << 8) | i), 16)))
                padding = ""
    
>           pdu_msgs.append(packing_func(padding + msg, udh))
[1m[31mE           TypeError: can only concatenate str (not "bytes") to str[0m

[1m[31mmessaging/sms/submit.py[0m:322: TypeError
[31m[1m________________________ TestSubmitPduCounts.test_gsm_4 ________________________[0m

self = <tests.test_sms.TestSubmitPduCounts testMethod=test_gsm_4>

    def test_gsm_4(self):
        sms = SmsSubmit(self.DEST,
                        self.GSM_CHAR * 153 * 2 + self.GSM_CHAR)
>       self.assertEqual(len(sms.to_pdu()), 3)

[1m[31mtests/test_sms.py[0m:263: 
_ _ _ _ _ _ _ _ _ _ _ _ _ _ _ _ _ _ _ _ _ _ _ _ _ _ _ _ _ _ _ _ _ _ _ _ _ _ _ _ 
[1m[31mmessaging/sms/submit.py[0m:83: in to_pdu
    sms_msg_pdu = self._get_msg_pdu()
[1m[31mmessaging/sms/submit.py[0m:250: in _get_msg_pdu
    message_pdu = self._split_sms_message(self.text_gsm)
_ _ _ _ _ _ _ _ _ _ _ _ _ _ _ _ _ _ _ _ _ _ _ _ _ _ _ _ _ _ _ _ _ _ _ _ _ _ _ _ 

self = <messaging.sms.submit.SmsSubmit object at 0x7fad6a5dde20>
text = b'xxxxxxxxxxxxxxxxxxxxxxxxxxxxxxxxxxxxxxxxxxxxxxxxxxxxxxxxxxxxxxxxxxxxxxxxxxxxxxxxxxxxxxxxxxxxxxxxxxxxxxxxxxxxxxxxxxxx...xxxxxxxxxxxxxxxxxxxxxxxxxxxxxxxxxxxxxxxxxxxxxxxxxxxxxxxxxxxxxxxxxxxxxxxxxxxxxxxxxxxxxxxxxxxxxxxxxxxxxxxxxxxxxxxxxxxxxx'

    def _split_sms_message(self, text):
        if self.fmt == 0x00:
            len_without_udh = consts.SEVENBIT_MP_SIZE
            limit = consts.SEVENBIT_SIZE
            packing_func = pack_8bits_to_7bits
            total_len = len(self.text_gsm)
    
        elif self.fmt == 0x04:
            len_without_udh = consts.EIGHTBIT_MP_SIZE
            limit = consts.EIGHTBIT_SIZE
            packing_func = pack_8bits_to_8bit
            total_len = len(self.text)
    
        elif self.fmt == 0x08:
            len_without_udh = consts.UCS2_MP_SIZE
            limit = consts.UCS2_SIZE
            packing_func = pack_8bits_to_ucs2
            total_len = len(self.text)
    
        msgs = []
        pi, pe = 0, len_without_udh
    
        while pi < total_len:
            if text[pi:pe][-1] == '\x1b':
                pe -= 1
    
            msgs.append(text[pi:pe])
            pi = pe
            pe += len_without_udh
    
        pdu_msgs = []
    
        udh_len = 0x05
        mid = 0x00
        data_len = 0x03
    
        sms_ref = self._get_rand_id() if self.rand_id is None else self.rand_id
        sms_ref &= 0xFF
    
        for i, msg in enumerate(msgs):
            i += 1
            total_parts = len(msgs)
            if limit == consts.SEVENBIT_SIZE:
                udh = (chr(udh_len) + chr(mid) + chr(data_len) +
                       chr(sms_ref) + chr(total_parts) + chr(i))
                padding = " "
            else:
                udh = (chr(int("%04x" % ((udh_len << 8) | mid), 16)) +
                       chr(int("%04x" % ((data_len << 8) | sms_ref), 16)) +
                       chr(int("%04x" % ((total_parts << 8) | i), 16)))
                padding = ""
    
>           pdu_msgs.append(packing_func(padding + msg, udh))
[1m[31mE           TypeError: can only concatenate str (not "bytes") to str[0m

[1m[31mmessaging/sms/submit.py[0m:322: TypeError
[31m[1m________________________ TestSubmitPduCounts.test_gsm_5 ________________________[0m

self = <tests.test_sms.TestSubmitPduCounts testMethod=test_gsm_5>

    def test_gsm_5(self):
        sms = SmsSubmit(self.DEST, self.GSM_CHAR * 153 * 3)
>       self.assertEqual(len(sms.to_pdu()), 3)

[1m[31mtests/test_sms.py[0m:267: 
_ _ _ _ _ _ _ _ _ _ _ _ _ _ _ _ _ _ _ _ _ _ _ _ _ _ _ _ _ _ _ _ _ _ _ _ _ _ _ _ 
[1m[31mmessaging/sms/submit.py[0m:83: in to_pdu
    sms_msg_pdu = self._get_msg_pdu()
[1m[31mmessaging/sms/submit.py[0m:250: in _get_msg_pdu
    message_pdu = self._split_sms_message(self.text_gsm)
_ _ _ _ _ _ _ _ _ _ _ _ _ _ _ _ _ _ _ _ _ _ _ _ _ _ _ _ _ _ _ _ _ _ _ _ _ _ _ _ 

self = <messaging.sms.submit.SmsSubmit object at 0x7fad6a55e940>
text = b'xxxxxxxxxxxxxxxxxxxxxxxxxxxxxxxxxxxxxxxxxxxxxxxxxxxxxxxxxxxxxxxxxxxxxxxxxxxxxxxxxxxxxxxxxxxxxxxxxxxxxxxxxxxxxxxxxxxx...xxxxxxxxxxxxxxxxxxxxxxxxxxxxxxxxxxxxxxxxxxxxxxxxxxxxxxxxxxxxxxxxxxxxxxxxxxxxxxxxxxxxxxxxxxxxxxxxxxxxxxxxxxxxxxxxxxxxxx'

    def _split_sms_message(self, text):
        if self.fmt == 0x00:
            len_without_udh = consts.SEVENBIT_MP_SIZE
            limit = consts.SEVENBIT_SIZE
            packing_func = pack_8bits_to_7bits
            total_len = len(self.text_gsm)
    
        elif self.fmt == 0x04:
            len_without_udh = consts.EIGHTBIT_MP_SIZE
            limit = consts.EIGHTBIT_SIZE
            packing_func = pack_8bits_to_8bit
            total_len = len(self.text)
    
        elif self.fmt == 0x08:
            len_without_udh = consts.UCS2_MP_SIZE
            limit = consts.UCS2_SIZE
            packing_func = pack_8bits_to_ucs2
            total_len = len(self.text)
    
        msgs = []
        pi, pe = 0, len_without_udh
    
        while pi < total_len:
            if text[pi:pe][-1] == '\x1b':
                pe -= 1
    
            msgs.append(text[pi:pe])
            pi = pe
            pe += len_without_udh
    
        pdu_msgs = []
    
        udh_len = 0x05
        mid = 0x00
        data_len = 0x03
    
        sms_ref = self._get_rand_id() if self.rand_id is None else self.rand_id
        sms_ref &= 0xFF
    
        for i, msg in enumerate(msgs):
            i += 1
            total_parts = len(msgs)
            if limit == consts.SEVENBIT_SIZE:
                udh = (chr(udh_len) + chr(mid) + chr(data_len) +
                       chr(sms_ref) + chr(total_parts) + chr(i))
                padding = " "
            else:
                udh = (chr(int("%04x" % ((udh_len << 8) | mid), 16)) +
                       chr(int("%04x" % ((data_len << 8) | sms_ref), 16)) +
                       chr(int("%04x" % ((total_parts << 8) | i), 16)))
                padding = ""
    
>           pdu_msgs.append(packing_func(padding + msg, udh))
[1m[31mE           TypeError: can only concatenate str (not "bytes") to str[0m

[1m[31mmessaging/sms/submit.py[0m:322: TypeError
[31m[1m________________________ TestSubmitPduCounts.test_gsm_6 ________________________[0m

self = <tests.test_sms.TestSubmitPduCounts testMethod=test_gsm_6>

    def test_gsm_6(self):
        sms = SmsSubmit(self.DEST,
                        self.GSM_CHAR * 153 * 3 + self.GSM_CHAR)
>       self.assertEqual(len(sms.to_pdu()), 4)

[1m[31mtests/test_sms.py[0m:272: 
_ _ _ _ _ _ _ _ _ _ _ _ _ _ _ _ _ _ _ _ _ _ _ _ _ _ _ _ _ _ _ _ _ _ _ _ _ _ _ _ 
[1m[31mmessaging/sms/submit.py[0m:83: in to_pdu
    sms_msg_pdu = self._get_msg_pdu()
[1m[31mmessaging/sms/submit.py[0m:250: in _get_msg_pdu
    message_pdu = self._split_sms_message(self.text_gsm)
_ _ _ _ _ _ _ _ _ _ _ _ _ _ _ _ _ _ _ _ _ _ _ _ _ _ _ _ _ _ _ _ _ _ _ _ _ _ _ _ 

self = <messaging.sms.submit.SmsSubmit object at 0x7fad6ad62ca0>
text = b'xxxxxxxxxxxxxxxxxxxxxxxxxxxxxxxxxxxxxxxxxxxxxxxxxxxxxxxxxxxxxxxxxxxxxxxxxxxxxxxxxxxxxxxxxxxxxxxxxxxxxxxxxxxxxxxxxxxx...xxxxxxxxxxxxxxxxxxxxxxxxxxxxxxxxxxxxxxxxxxxxxxxxxxxxxxxxxxxxxxxxxxxxxxxxxxxxxxxxxxxxxxxxxxxxxxxxxxxxxxxxxxxxxxxxxxxxxx'

    def _split_sms_message(self, text):
        if self.fmt == 0x00:
            len_without_udh = consts.SEVENBIT_MP_SIZE
            limit = consts.SEVENBIT_SIZE
            packing_func = pack_8bits_to_7bits
            total_len = len(self.text_gsm)
    
        elif self.fmt == 0x04:
            len_without_udh = consts.EIGHTBIT_MP_SIZE
            limit = consts.EIGHTBIT_SIZE
            packing_func = pack_8bits_to_8bit
            total_len = len(self.text)
    
        elif self.fmt == 0x08:
            len_without_udh = consts.UCS2_MP_SIZE
            limit = consts.UCS2_SIZE
            packing_func = pack_8bits_to_ucs2
            total_len = len(self.text)
    
        msgs = []
        pi, pe = 0, len_without_udh
    
        while pi < total_len:
            if text[pi:pe][-1] == '\x1b':
                pe -= 1
    
            msgs.append(text[pi:pe])
            pi = pe
            pe += len_without_udh
    
        pdu_msgs = []
    
        udh_len = 0x05
        mid = 0x00
        data_len = 0x03
    
        sms_ref = self._get_rand_id() if self.rand_id is None else self.rand_id
        sms_ref &= 0xFF
    
        for i, msg in enumerate(msgs):
            i += 1
            total_parts = len(msgs)
            if limit == consts.SEVENBIT_SIZE:
                udh = (chr(udh_len) + chr(mid) + chr(data_len) +
                       chr(sms_ref) + chr(total_parts) + chr(i))
                padding = " "
            else:
                udh = (chr(int("%04x" % ((udh_len << 8) | mid), 16)) +
                       chr(int("%04x" % ((data_len << 8) | sms_ref), 16)) +
                       chr(int("%04x" % ((total_parts << 8) | i), 16)))
                padding = ""
    
>           pdu_msgs.append(packing_func(padding + msg, udh))
[1m[31mE           TypeError: can only concatenate str (not "bytes") to str[0m

[1m[31mmessaging/sms/submit.py[0m:322: TypeError
=========================== short test summary info ============================
FAILED tests/test_gsm_encoding.py::TestEncodingFunctions::test_decoding_supported_unicode_gsm
FAILED tests/test_gsm_encoding.py::TestEncodingFunctions::test_encoding_supported_greek_unicode_gsm
FAILED tests/test_gsm_encoding.py::TestEncodingFunctions::test_encoding_supported_quirk_unicode_gsm
FAILED tests/test_gsm_encoding.py::TestEncodingFunctions::test_encoding_supported_unicode_gsm
FAILED tests/test_gsm_encoding.py::TestEncodingFunctions::test_is_valid_gsm_false
FAILED tests/test_gsm_encoding.py::TestEncodingFunctions::test_mappings_are_same
FAILED tests/test_mms.py::TestMmsDecoding::test_decoding_27d0a048cd79555de05283a22372b0eb_mms
FAILED tests/test_sms.py::TestSmsSubmit::test_encoding_class - TypeError: can...
FAILED tests/test_sms.py::TestSmsSubmit::test_encoding_csca - TypeError: can ...
FAILED tests/test_sms.py::TestSmsSubmit::test_encoding_message_with_latin1_chars
FAILED tests/test_sms.py::TestSmsSubmit::test_encoding_multipart_7bit - TypeE...
FAILED tests/test_sms.py::TestSmsSubmit::test_encoding_request_status - TypeE...
FAILED tests/test_sms.py::TestSmsSubmit::test_encoding_validity - TypeError: ...
FAILED tests/test_sms.py::TestSubmitPduCounts::test_egsm_1 - TypeError: can o...
FAILED tests/test_sms.py::TestSubmitPduCounts::test_egsm_2 - TypeError: can o...
FAILED tests/test_sms.py::TestSubmitPduCounts::test_egsm_3 - TypeError: can o...
FAILED tests/test_sms.py::TestSubmitPduCounts::test_egsm_4 - TypeError: can o...
FAILED tests/test_sms.py::TestSubmitPduCounts::test_gsm_1 - TypeError: can on...
FAILED tests/test_sms.py::TestSubmitPduCounts::test_gsm_2 - TypeError: can on...
FAILED tests/test_sms.py::TestSubmitPduCounts::test_gsm_3 - TypeError: can on...
FAILED tests/test_sms.py::TestSubmitPduCounts::test_gsm_4 - TypeError: can on...
FAILED tests/test_sms.py::TestSubmitPduCounts::test_gsm_5 - TypeError: can on...
FAILED tests/test_sms.py::TestSubmitPduCounts::test_gsm_6 - TypeError: can on...
[31m======================== [31m[1m23 failed[0m, [32m42 passed[0m[31m in 1.98s[0m[31m =========================[0m
